
Started Import Process
# System Details: 
Debug Mode 		: Disabled
Operating System 	: WINNT
Software 		: nginx/1.26.1
MySQL version 		: 8.0.35
XML Reader 		: Yes
PHP Version 		: 8.2.27
PHP Max Input Vars 	: 4000
PHP Max Post Size 	: 1000M
PHP Extension GD 	: Yes
PHP Max Execution Time 	: 1200
Max Upload Size 	: 300 MB
Memory Limit 		: Current memory limit 40M. We recommend setting memory to at least 64M.
Timezone 		: 0

-----

Importing Started! - 05:36:01 UTC
---

WHY IMPORT PROCESS CAN FAIL? READ THIS - 
https://wpastra.com/docs/?p=1314&utm_source=demo-import-panel&utm_campaign=import-error&utm_medium=wp-dashboard

---

Started Import Process
# System Details: 
Debug Mode 		: Disabled
Operating System 	: WINNT
Software 		: nginx/1.26.1
MySQL version 		: 8.0.35
XML Reader 		: Yes
PHP Version 		: 8.2.27
PHP Max Input Vars 	: 4000
PHP Max Post Size 	: 1000M
PHP Extension GD 	: Yes
PHP Max Execution Time 	: 1200
Max Upload Size 	: 300 MB
Memory Limit 		: Current memory limit 40M. We recommend setting memory to at least 64M.
Timezone 		: 0

-----

Importing Started! - 05:56:19 UTC
---

WHY IMPORT PROCESS CAN FAIL? READ THIS - 
https://wpastra.com/docs/?p=1314&utm_source=demo-import-panel&utm_campaign=import-error&utm_medium=wp-dashboard

---

There was an error on website: Uncaught Error
Error: Class "WPForms\Tasks\Actions\EntryEmailsTask" not found in C:\Users\gokul\Local Sites\ecommerce-two\app\public\wp-content\plugins\wpforms-lite\src\Tasks\Tasks.php:103
Stack trace:
#0 C:\Users\gokul\Local Sites\ecommerce-two\app\public\wp-content\plugins\wpforms-lite\src\Tasks\Tasks.php(78): WPForms\Tasks\Tasks->hooks()
#1 C:\Users\gokul\Local Sites\ecommerce-two\app\public\wp-content\plugins\wpforms-lite\src\WPForms.php(429): WPForms\Tasks\Tasks->init()
#2 C:\Users\gokul\Local Sites\ecommerce-two\app\public\wp-includes\class-wp-hook.php(341): WPForms\WPForms->WPForms\{closure}('')
#3 C:\Users\gokul\Local Sites\ecommerce-two\app\public\wp-includes\class-wp-hook.php(365): WP_Hook->apply_filters(NULL, Array)
#4 C:\Users\gokul\Local Sites\ecommerce-two\app\public\wp-includes\plugin.php(522): WP_Hook->do_action(Array)
#5 C:\Users\gokul\Local Sites\ecommerce-two\app\public\wp-settings.php(742): do_action('init')
#6 C:\Users\gokul\Local Sites\ecommerce-two\app\public\wp-config.php(103): require_once('C:\\Users\\gokul\\...')
#7 C:\Users\gokul\Local Sites\ecommerce-two\app\public\wp-load.php(50): require_once('C:\\Users\\gokul\\...')
#8 C:\Users\gokul\Local Sites\ecommerce-two\app\public\wp-admin\admin.php(35): require_once('C:\\Users\\gokul\\...')
#9 C:\Users\gokul\Local Sites\ecommerce-two\app\public\wp-admin\index.php(10): require_once('C:\\Users\\gokul\\...')
#10 {main}