[10-Dec-2025 05:26:03 UTC] PHP Warning:  Undefined array key 1 in C:\Users\gokul\Local Sites\ecommerce-two\app\public\wp-content\plugins\astra-sites\inc\lib\zipwp-images\classes\zipwp-images-api.php on line 471
[10-Dec-2025 05:26:03 UTC] PHP Warning:  Undefined array key 1 in C:\Users\gokul\Local Sites\ecommerce-two\app\public\wp-content\plugins\astra-sites\inc\lib\zipwp-images\classes\zipwp-images-api.php on line 471
[10-Dec-2025 05:26:03 UTC] PHP Warning:  Undefined array key 1 in C:\Users\gokul\Local Sites\ecommerce-two\app\public\wp-content\plugins\astra-sites\inc\lib\zipwp-images\classes\zipwp-images-api.php on line 471
[10-Dec-2025 05:26:03 UTC] PHP Warning:  Undefined array key 1 in C:\Users\gokul\Local Sites\ecommerce-two\app\public\wp-content\plugins\astra-sites\inc\lib\zipwp-images\classes\zipwp-images-api.php on line 471
[10-Dec-2025 05:26:03 UTC] PHP Warning:  Undefined array key 1 in C:\Users\gokul\Local Sites\ecommerce-two\app\public\wp-content\plugins\astra-sites\inc\lib\zipwp-images\classes\zipwp-images-api.php on line 471
[10-Dec-2025 05:26:03 UTC] PHP Warning:  Undefined array key 1 in C:\Users\gokul\Local Sites\ecommerce-two\app\public\wp-content\plugins\astra-sites\inc\lib\zipwp-images\classes\zipwp-images-api.php on line 471
[10-Dec-2025 05:26:03 UTC] PHP Warning:  Undefined array key 1 in C:\Users\gokul\Local Sites\ecommerce-two\app\public\wp-content\plugins\astra-sites\inc\lib\zipwp-images\classes\zipwp-images-api.php on line 471
[10-Dec-2025 05:26:03 UTC] PHP Warning:  Undefined array key 1 in C:\Users\gokul\Local Sites\ecommerce-two\app\public\wp-content\plugins\astra-sites\inc\lib\zipwp-images\classes\zipwp-images-api.php on line 471
[10-Dec-2025 05:26:03 UTC] PHP Warning:  Undefined array key 1 in C:\Users\gokul\Local Sites\ecommerce-two\app\public\wp-content\plugins\astra-sites\inc\lib\zipwp-images\classes\zipwp-images-api.php on line 471
[10-Dec-2025 05:26:03 UTC] PHP Warning:  Undefined array key 1 in C:\Users\gokul\Local Sites\ecommerce-two\app\public\wp-content\plugins\astra-sites\inc\lib\zipwp-images\classes\zipwp-images-api.php on line 471
[10-Dec-2025 05:26:03 UTC] PHP Warning:  Undefined array key 1 in C:\Users\gokul\Local Sites\ecommerce-two\app\public\wp-content\plugins\astra-sites\inc\lib\zipwp-images\classes\zipwp-images-api.php on line 471
[10-Dec-2025 05:26:03 UTC] PHP Warning:  Undefined array key 1 in C:\Users\gokul\Local Sites\ecommerce-two\app\public\wp-content\plugins\astra-sites\inc\lib\zipwp-images\classes\zipwp-images-api.php on line 471
[10-Dec-2025 05:26:03 UTC] PHP Warning:  Undefined array key 1 in C:\Users\gokul\Local Sites\ecommerce-two\app\public\wp-content\plugins\astra-sites\inc\lib\zipwp-images\classes\zipwp-images-api.php on line 471
[10-Dec-2025 05:26:03 UTC] PHP Warning:  Undefined array key 1 in C:\Users\gokul\Local Sites\ecommerce-two\app\public\wp-content\plugins\astra-sites\inc\lib\zipwp-images\classes\zipwp-images-api.php on line 471
[10-Dec-2025 05:26:03 UTC] PHP Warning:  Undefined array key 1 in C:\Users\gokul\Local Sites\ecommerce-two\app\public\wp-content\plugins\astra-sites\inc\lib\zipwp-images\classes\zipwp-images-api.php on line 471
[10-Dec-2025 05:26:03 UTC] PHP Warning:  Undefined array key 1 in C:\Users\gokul\Local Sites\ecommerce-two\app\public\wp-content\plugins\astra-sites\inc\lib\zipwp-images\classes\zipwp-images-api.php on line 471
[10-Dec-2025 05:26:03 UTC] PHP Warning:  Undefined array key 1 in C:\Users\gokul\Local Sites\ecommerce-two\app\public\wp-content\plugins\astra-sites\inc\lib\zipwp-images\classes\zipwp-images-api.php on line 471
[10-Dec-2025 05:26:03 UTC] PHP Warning:  Undefined array key 1 in C:\Users\gokul\Local Sites\ecommerce-two\app\public\wp-content\plugins\astra-sites\inc\lib\zipwp-images\classes\zipwp-images-api.php on line 471
[10-Dec-2025 05:26:03 UTC] PHP Warning:  Undefined array key 1 in C:\Users\gokul\Local Sites\ecommerce-two\app\public\wp-content\plugins\astra-sites\inc\lib\zipwp-images\classes\zipwp-images-api.php on line 471
[10-Dec-2025 05:26:03 UTC] PHP Warning:  Undefined array key 1 in C:\Users\gokul\Local Sites\ecommerce-two\app\public\wp-content\plugins\astra-sites\inc\lib\zipwp-images\classes\zipwp-images-api.php on line 471
[10-Dec-2025 05:26:03 UTC] PHP Warning:  Undefined array key 1 in C:\Users\gokul\Local Sites\ecommerce-two\app\public\wp-content\plugins\astra-sites\inc\lib\zipwp-images\classes\zipwp-images-api.php on line 471
[10-Dec-2025 05:26:03 UTC] PHP Warning:  Undefined array key 1 in C:\Users\gokul\Local Sites\ecommerce-two\app\public\wp-content\plugins\astra-sites\inc\lib\zipwp-images\classes\zipwp-images-api.php on line 471
[10-Dec-2025 05:26:03 UTC] PHP Warning:  Undefined array key 1 in C:\Users\gokul\Local Sites\ecommerce-two\app\public\wp-content\plugins\astra-sites\inc\lib\zipwp-images\classes\zipwp-images-api.php on line 471
[10-Dec-2025 05:26:03 UTC] PHP Warning:  Undefined array key 1 in C:\Users\gokul\Local Sites\ecommerce-two\app\public\wp-content\plugins\astra-sites\inc\lib\zipwp-images\classes\zipwp-images-api.php on line 471
[10-Dec-2025 05:26:03 UTC] PHP Warning:  Undefined array key 1 in C:\Users\gokul\Local Sites\ecommerce-two\app\public\wp-content\plugins\astra-sites\inc\lib\zipwp-images\classes\zipwp-images-api.php on line 471
[10-Dec-2025 05:26:03 UTC] PHP Warning:  Undefined array key 1 in C:\Users\gokul\Local Sites\ecommerce-two\app\public\wp-content\plugins\astra-sites\inc\lib\zipwp-images\classes\zipwp-images-api.php on line 471
[10-Dec-2025 05:26:03 UTC] PHP Warning:  Undefined array key 1 in C:\Users\gokul\Local Sites\ecommerce-two\app\public\wp-content\plugins\astra-sites\inc\lib\zipwp-images\classes\zipwp-images-api.php on line 471
[10-Dec-2025 05:26:03 UTC] PHP Warning:  Undefined array key 1 in C:\Users\gokul\Local Sites\ecommerce-two\app\public\wp-content\plugins\astra-sites\inc\lib\zipwp-images\classes\zipwp-images-api.php on line 471
[10-Dec-2025 05:26:03 UTC] PHP Warning:  Undefined array key 1 in C:\Users\gokul\Local Sites\ecommerce-two\app\public\wp-content\plugins\astra-sites\inc\lib\zipwp-images\classes\zipwp-images-api.php on line 471
[10-Dec-2025 05:26:03 UTC] PHP Warning:  Undefined array key 1 in C:\Users\gokul\Local Sites\ecommerce-two\app\public\wp-content\plugins\astra-sites\inc\lib\zipwp-images\classes\zipwp-images-api.php on line 471
[10-Dec-2025 05:26:03 UTC] PHP Warning:  Undefined array key 1 in C:\Users\gokul\Local Sites\ecommerce-two\app\public\wp-content\plugins\astra-sites\inc\lib\zipwp-images\classes\zipwp-images-api.php on line 471
[10-Dec-2025 05:26:03 UTC] PHP Warning:  Undefined array key 1 in C:\Users\gokul\Local Sites\ecommerce-two\app\public\wp-content\plugins\astra-sites\inc\lib\zipwp-images\classes\zipwp-images-api.php on line 471
[10-Dec-2025 05:26:03 UTC] PHP Warning:  Undefined array key 1 in C:\Users\gokul\Local Sites\ecommerce-two\app\public\wp-content\plugins\astra-sites\inc\lib\zipwp-images\classes\zipwp-images-api.php on line 471
[10-Dec-2025 05:26:03 UTC] PHP Warning:  Undefined array key 1 in C:\Users\gokul\Local Sites\ecommerce-two\app\public\wp-content\plugins\astra-sites\inc\lib\zipwp-images\classes\zipwp-images-api.php on line 471
[10-Dec-2025 05:26:03 UTC] PHP Warning:  Undefined array key 1 in C:\Users\gokul\Local Sites\ecommerce-two\app\public\wp-content\plugins\astra-sites\inc\lib\zipwp-images\classes\zipwp-images-api.php on line 471
[10-Dec-2025 05:26:03 UTC] PHP Warning:  Undefined array key 1 in C:\Users\gokul\Local Sites\ecommerce-two\app\public\wp-content\plugins\astra-sites\inc\lib\zipwp-images\classes\zipwp-images-api.php on line 471
[10-Dec-2025 05:26:03 UTC] PHP Warning:  Undefined array key 1 in C:\Users\gokul\Local Sites\ecommerce-two\app\public\wp-content\plugins\astra-sites\inc\lib\zipwp-images\classes\zipwp-images-api.php on line 471
[10-Dec-2025 05:26:03 UTC] PHP Warning:  Undefined array key 1 in C:\Users\gokul\Local Sites\ecommerce-two\app\public\wp-content\plugins\astra-sites\inc\lib\zipwp-images\classes\zipwp-images-api.php on line 471
[10-Dec-2025 05:26:03 UTC] PHP Warning:  Undefined array key 1 in C:\Users\gokul\Local Sites\ecommerce-two\app\public\wp-content\plugins\astra-sites\inc\lib\zipwp-images\classes\zipwp-images-api.php on line 471
[10-Dec-2025 05:26:03 UTC] PHP Warning:  Undefined array key 1 in C:\Users\gokul\Local Sites\ecommerce-two\app\public\wp-content\plugins\astra-sites\inc\lib\zipwp-images\classes\zipwp-images-api.php on line 471
[10-Dec-2025 05:26:07 UTC] PHP Warning:  Undefined array key 1 in C:\Users\gokul\Local Sites\ecommerce-two\app\public\wp-content\plugins\astra-sites\inc\lib\zipwp-images\classes\zipwp-images-api.php on line 471
[10-Dec-2025 05:26:07 UTC] PHP Warning:  Undefined array key 1 in C:\Users\gokul\Local Sites\ecommerce-two\app\public\wp-content\plugins\astra-sites\inc\lib\zipwp-images\classes\zipwp-images-api.php on line 471
[10-Dec-2025 05:26:07 UTC] PHP Warning:  Undefined array key 1 in C:\Users\gokul\Local Sites\ecommerce-two\app\public\wp-content\plugins\astra-sites\inc\lib\zipwp-images\classes\zipwp-images-api.php on line 471
[10-Dec-2025 05:26:07 UTC] PHP Warning:  Undefined array key 1 in C:\Users\gokul\Local Sites\ecommerce-two\app\public\wp-content\plugins\astra-sites\inc\lib\zipwp-images\classes\zipwp-images-api.php on line 471
[10-Dec-2025 05:26:07 UTC] PHP Warning:  Undefined array key 1 in C:\Users\gokul\Local Sites\ecommerce-two\app\public\wp-content\plugins\astra-sites\inc\lib\zipwp-images\classes\zipwp-images-api.php on line 471
[10-Dec-2025 05:26:07 UTC] PHP Warning:  Undefined array key 1 in C:\Users\gokul\Local Sites\ecommerce-two\app\public\wp-content\plugins\astra-sites\inc\lib\zipwp-images\classes\zipwp-images-api.php on line 471
[10-Dec-2025 05:26:07 UTC] PHP Warning:  Undefined array key 1 in C:\Users\gokul\Local Sites\ecommerce-two\app\public\wp-content\plugins\astra-sites\inc\lib\zipwp-images\classes\zipwp-images-api.php on line 471
[10-Dec-2025 05:26:07 UTC] PHP Warning:  Undefined array key 1 in C:\Users\gokul\Local Sites\ecommerce-two\app\public\wp-content\plugins\astra-sites\inc\lib\zipwp-images\classes\zipwp-images-api.php on line 471
[10-Dec-2025 05:26:07 UTC] PHP Warning:  Undefined array key 1 in C:\Users\gokul\Local Sites\ecommerce-two\app\public\wp-content\plugins\astra-sites\inc\lib\zipwp-images\classes\zipwp-images-api.php on line 471
[10-Dec-2025 05:26:07 UTC] PHP Warning:  Undefined array key 1 in C:\Users\gokul\Local Sites\ecommerce-two\app\public\wp-content\plugins\astra-sites\inc\lib\zipwp-images\classes\zipwp-images-api.php on line 471
[10-Dec-2025 05:26:07 UTC] PHP Warning:  Undefined array key 1 in C:\Users\gokul\Local Sites\ecommerce-two\app\public\wp-content\plugins\astra-sites\inc\lib\zipwp-images\classes\zipwp-images-api.php on line 471
[10-Dec-2025 05:26:07 UTC] PHP Warning:  Undefined array key 1 in C:\Users\gokul\Local Sites\ecommerce-two\app\public\wp-content\plugins\astra-sites\inc\lib\zipwp-images\classes\zipwp-images-api.php on line 471
[10-Dec-2025 05:26:07 UTC] PHP Warning:  Undefined array key 1 in C:\Users\gokul\Local Sites\ecommerce-two\app\public\wp-content\plugins\astra-sites\inc\lib\zipwp-images\classes\zipwp-images-api.php on line 471
[10-Dec-2025 05:26:07 UTC] PHP Warning:  Undefined array key 1 in C:\Users\gokul\Local Sites\ecommerce-two\app\public\wp-content\plugins\astra-sites\inc\lib\zipwp-images\classes\zipwp-images-api.php on line 471
[10-Dec-2025 05:26:07 UTC] PHP Warning:  Undefined array key 1 in C:\Users\gokul\Local Sites\ecommerce-two\app\public\wp-content\plugins\astra-sites\inc\lib\zipwp-images\classes\zipwp-images-api.php on line 471
[10-Dec-2025 05:26:07 UTC] PHP Warning:  Undefined array key 1 in C:\Users\gokul\Local Sites\ecommerce-two\app\public\wp-content\plugins\astra-sites\inc\lib\zipwp-images\classes\zipwp-images-api.php on line 471
[10-Dec-2025 05:26:07 UTC] PHP Warning:  Undefined array key 1 in C:\Users\gokul\Local Sites\ecommerce-two\app\public\wp-content\plugins\astra-sites\inc\lib\zipwp-images\classes\zipwp-images-api.php on line 471
[10-Dec-2025 05:26:07 UTC] PHP Warning:  Undefined array key 1 in C:\Users\gokul\Local Sites\ecommerce-two\app\public\wp-content\plugins\astra-sites\inc\lib\zipwp-images\classes\zipwp-images-api.php on line 471
[10-Dec-2025 05:26:07 UTC] PHP Warning:  Undefined array key 1 in C:\Users\gokul\Local Sites\ecommerce-two\app\public\wp-content\plugins\astra-sites\inc\lib\zipwp-images\classes\zipwp-images-api.php on line 471
[10-Dec-2025 05:26:07 UTC] PHP Warning:  Undefined array key 1 in C:\Users\gokul\Local Sites\ecommerce-two\app\public\wp-content\plugins\astra-sites\inc\lib\zipwp-images\classes\zipwp-images-api.php on line 471
[10-Dec-2025 05:26:08 UTC] PHP Warning:  Undefined array key 1 in C:\Users\gokul\Local Sites\ecommerce-two\app\public\wp-content\plugins\astra-sites\inc\lib\zipwp-images\classes\zipwp-images-api.php on line 471
[10-Dec-2025 05:26:08 UTC] PHP Warning:  Undefined array key 1 in C:\Users\gokul\Local Sites\ecommerce-two\app\public\wp-content\plugins\astra-sites\inc\lib\zipwp-images\classes\zipwp-images-api.php on line 471
[10-Dec-2025 05:26:08 UTC] PHP Warning:  Undefined array key 1 in C:\Users\gokul\Local Sites\ecommerce-two\app\public\wp-content\plugins\astra-sites\inc\lib\zipwp-images\classes\zipwp-images-api.php on line 471
[10-Dec-2025 05:26:08 UTC] PHP Warning:  Undefined array key 1 in C:\Users\gokul\Local Sites\ecommerce-two\app\public\wp-content\plugins\astra-sites\inc\lib\zipwp-images\classes\zipwp-images-api.php on line 471
[10-Dec-2025 05:26:08 UTC] PHP Warning:  Undefined array key 1 in C:\Users\gokul\Local Sites\ecommerce-two\app\public\wp-content\plugins\astra-sites\inc\lib\zipwp-images\classes\zipwp-images-api.php on line 471
[10-Dec-2025 05:26:08 UTC] PHP Warning:  Undefined array key 1 in C:\Users\gokul\Local Sites\ecommerce-two\app\public\wp-content\plugins\astra-sites\inc\lib\zipwp-images\classes\zipwp-images-api.php on line 471
[10-Dec-2025 05:26:08 UTC] PHP Warning:  Undefined array key 1 in C:\Users\gokul\Local Sites\ecommerce-two\app\public\wp-content\plugins\astra-sites\inc\lib\zipwp-images\classes\zipwp-images-api.php on line 471
[10-Dec-2025 05:26:08 UTC] PHP Warning:  Undefined array key 1 in C:\Users\gokul\Local Sites\ecommerce-two\app\public\wp-content\plugins\astra-sites\inc\lib\zipwp-images\classes\zipwp-images-api.php on line 471
[10-Dec-2025 05:26:08 UTC] PHP Warning:  Undefined array key 1 in C:\Users\gokul\Local Sites\ecommerce-two\app\public\wp-content\plugins\astra-sites\inc\lib\zipwp-images\classes\zipwp-images-api.php on line 471
[10-Dec-2025 05:26:08 UTC] PHP Warning:  Undefined array key 1 in C:\Users\gokul\Local Sites\ecommerce-two\app\public\wp-content\plugins\astra-sites\inc\lib\zipwp-images\classes\zipwp-images-api.php on line 471
[10-Dec-2025 05:26:08 UTC] PHP Warning:  Undefined array key 1 in C:\Users\gokul\Local Sites\ecommerce-two\app\public\wp-content\plugins\astra-sites\inc\lib\zipwp-images\classes\zipwp-images-api.php on line 471
[10-Dec-2025 05:26:08 UTC] PHP Warning:  Undefined array key 1 in C:\Users\gokul\Local Sites\ecommerce-two\app\public\wp-content\plugins\astra-sites\inc\lib\zipwp-images\classes\zipwp-images-api.php on line 471
[10-Dec-2025 05:26:08 UTC] PHP Warning:  Undefined array key 1 in C:\Users\gokul\Local Sites\ecommerce-two\app\public\wp-content\plugins\astra-sites\inc\lib\zipwp-images\classes\zipwp-images-api.php on line 471
[10-Dec-2025 05:26:08 UTC] PHP Warning:  Undefined array key 1 in C:\Users\gokul\Local Sites\ecommerce-two\app\public\wp-content\plugins\astra-sites\inc\lib\zipwp-images\classes\zipwp-images-api.php on line 471
[10-Dec-2025 05:26:08 UTC] PHP Warning:  Undefined array key 1 in C:\Users\gokul\Local Sites\ecommerce-two\app\public\wp-content\plugins\astra-sites\inc\lib\zipwp-images\classes\zipwp-images-api.php on line 471
[10-Dec-2025 05:26:08 UTC] PHP Warning:  Undefined array key 1 in C:\Users\gokul\Local Sites\ecommerce-two\app\public\wp-content\plugins\astra-sites\inc\lib\zipwp-images\classes\zipwp-images-api.php on line 471
[10-Dec-2025 05:26:08 UTC] PHP Warning:  Undefined array key 1 in C:\Users\gokul\Local Sites\ecommerce-two\app\public\wp-content\plugins\astra-sites\inc\lib\zipwp-images\classes\zipwp-images-api.php on line 471
[10-Dec-2025 05:26:08 UTC] PHP Warning:  Undefined array key 1 in C:\Users\gokul\Local Sites\ecommerce-two\app\public\wp-content\plugins\astra-sites\inc\lib\zipwp-images\classes\zipwp-images-api.php on line 471
[10-Dec-2025 05:26:08 UTC] PHP Warning:  Undefined array key 1 in C:\Users\gokul\Local Sites\ecommerce-two\app\public\wp-content\plugins\astra-sites\inc\lib\zipwp-images\classes\zipwp-images-api.php on line 471
[10-Dec-2025 05:26:08 UTC] PHP Warning:  Undefined array key 1 in C:\Users\gokul\Local Sites\ecommerce-two\app\public\wp-content\plugins\astra-sites\inc\lib\zipwp-images\classes\zipwp-images-api.php on line 471
[10-Dec-2025 05:26:11 UTC] PHP Warning:  Undefined array key 1 in C:\Users\gokul\Local Sites\ecommerce-two\app\public\wp-content\plugins\astra-sites\inc\lib\zipwp-images\classes\zipwp-images-api.php on line 471
[10-Dec-2025 05:26:11 UTC] PHP Warning:  Undefined array key 1 in C:\Users\gokul\Local Sites\ecommerce-two\app\public\wp-content\plugins\astra-sites\inc\lib\zipwp-images\classes\zipwp-images-api.php on line 471
[10-Dec-2025 05:26:11 UTC] PHP Warning:  Undefined array key 1 in C:\Users\gokul\Local Sites\ecommerce-two\app\public\wp-content\plugins\astra-sites\inc\lib\zipwp-images\classes\zipwp-images-api.php on line 471
[10-Dec-2025 05:26:11 UTC] PHP Warning:  Undefined array key 1 in C:\Users\gokul\Local Sites\ecommerce-two\app\public\wp-content\plugins\astra-sites\inc\lib\zipwp-images\classes\zipwp-images-api.php on line 471
[10-Dec-2025 05:26:11 UTC] PHP Warning:  Undefined array key 1 in C:\Users\gokul\Local Sites\ecommerce-two\app\public\wp-content\plugins\astra-sites\inc\lib\zipwp-images\classes\zipwp-images-api.php on line 471
[10-Dec-2025 05:26:11 UTC] PHP Warning:  Undefined array key 1 in C:\Users\gokul\Local Sites\ecommerce-two\app\public\wp-content\plugins\astra-sites\inc\lib\zipwp-images\classes\zipwp-images-api.php on line 471
[10-Dec-2025 05:26:11 UTC] PHP Warning:  Undefined array key 1 in C:\Users\gokul\Local Sites\ecommerce-two\app\public\wp-content\plugins\astra-sites\inc\lib\zipwp-images\classes\zipwp-images-api.php on line 471
[10-Dec-2025 05:26:11 UTC] PHP Warning:  Undefined array key 1 in C:\Users\gokul\Local Sites\ecommerce-two\app\public\wp-content\plugins\astra-sites\inc\lib\zipwp-images\classes\zipwp-images-api.php on line 471
[10-Dec-2025 05:26:11 UTC] PHP Warning:  Undefined array key 1 in C:\Users\gokul\Local Sites\ecommerce-two\app\public\wp-content\plugins\astra-sites\inc\lib\zipwp-images\classes\zipwp-images-api.php on line 471
[10-Dec-2025 05:26:11 UTC] PHP Warning:  Undefined array key 1 in C:\Users\gokul\Local Sites\ecommerce-two\app\public\wp-content\plugins\astra-sites\inc\lib\zipwp-images\classes\zipwp-images-api.php on line 471
[10-Dec-2025 05:26:11 UTC] PHP Warning:  Undefined array key 1 in C:\Users\gokul\Local Sites\ecommerce-two\app\public\wp-content\plugins\astra-sites\inc\lib\zipwp-images\classes\zipwp-images-api.php on line 471
[10-Dec-2025 05:26:11 UTC] PHP Warning:  Undefined array key 1 in C:\Users\gokul\Local Sites\ecommerce-two\app\public\wp-content\plugins\astra-sites\inc\lib\zipwp-images\classes\zipwp-images-api.php on line 471
[10-Dec-2025 05:26:11 UTC] PHP Warning:  Undefined array key 1 in C:\Users\gokul\Local Sites\ecommerce-two\app\public\wp-content\plugins\astra-sites\inc\lib\zipwp-images\classes\zipwp-images-api.php on line 471
[10-Dec-2025 05:26:11 UTC] PHP Warning:  Undefined array key 1 in C:\Users\gokul\Local Sites\ecommerce-two\app\public\wp-content\plugins\astra-sites\inc\lib\zipwp-images\classes\zipwp-images-api.php on line 471
[10-Dec-2025 05:26:11 UTC] PHP Warning:  Undefined array key 1 in C:\Users\gokul\Local Sites\ecommerce-two\app\public\wp-content\plugins\astra-sites\inc\lib\zipwp-images\classes\zipwp-images-api.php on line 471
[10-Dec-2025 05:26:11 UTC] PHP Warning:  Undefined array key 1 in C:\Users\gokul\Local Sites\ecommerce-two\app\public\wp-content\plugins\astra-sites\inc\lib\zipwp-images\classes\zipwp-images-api.php on line 471
[10-Dec-2025 05:26:11 UTC] PHP Warning:  Undefined array key 1 in C:\Users\gokul\Local Sites\ecommerce-two\app\public\wp-content\plugins\astra-sites\inc\lib\zipwp-images\classes\zipwp-images-api.php on line 471
[10-Dec-2025 05:26:11 UTC] PHP Warning:  Undefined array key 1 in C:\Users\gokul\Local Sites\ecommerce-two\app\public\wp-content\plugins\astra-sites\inc\lib\zipwp-images\classes\zipwp-images-api.php on line 471
[10-Dec-2025 05:26:11 UTC] PHP Warning:  Undefined array key 1 in C:\Users\gokul\Local Sites\ecommerce-two\app\public\wp-content\plugins\astra-sites\inc\lib\zipwp-images\classes\zipwp-images-api.php on line 471
[10-Dec-2025 05:26:11 UTC] PHP Warning:  Undefined array key 1 in C:\Users\gokul\Local Sites\ecommerce-two\app\public\wp-content\plugins\astra-sites\inc\lib\zipwp-images\classes\zipwp-images-api.php on line 471
[10-Dec-2025 05:26:12 UTC] PHP Warning:  Undefined array key 1 in C:\Users\gokul\Local Sites\ecommerce-two\app\public\wp-content\plugins\astra-sites\inc\lib\zipwp-images\classes\zipwp-images-api.php on line 471
[10-Dec-2025 05:26:12 UTC] PHP Warning:  Undefined array key 1 in C:\Users\gokul\Local Sites\ecommerce-two\app\public\wp-content\plugins\astra-sites\inc\lib\zipwp-images\classes\zipwp-images-api.php on line 471
[10-Dec-2025 05:26:12 UTC] PHP Warning:  Undefined array key 1 in C:\Users\gokul\Local Sites\ecommerce-two\app\public\wp-content\plugins\astra-sites\inc\lib\zipwp-images\classes\zipwp-images-api.php on line 471
[10-Dec-2025 05:26:12 UTC] PHP Warning:  Undefined array key 1 in C:\Users\gokul\Local Sites\ecommerce-two\app\public\wp-content\plugins\astra-sites\inc\lib\zipwp-images\classes\zipwp-images-api.php on line 471
[10-Dec-2025 05:26:12 UTC] PHP Warning:  Undefined array key 1 in C:\Users\gokul\Local Sites\ecommerce-two\app\public\wp-content\plugins\astra-sites\inc\lib\zipwp-images\classes\zipwp-images-api.php on line 471
[10-Dec-2025 05:26:12 UTC] PHP Warning:  Undefined array key 1 in C:\Users\gokul\Local Sites\ecommerce-two\app\public\wp-content\plugins\astra-sites\inc\lib\zipwp-images\classes\zipwp-images-api.php on line 471
[10-Dec-2025 05:26:12 UTC] PHP Warning:  Undefined array key 1 in C:\Users\gokul\Local Sites\ecommerce-two\app\public\wp-content\plugins\astra-sites\inc\lib\zipwp-images\classes\zipwp-images-api.php on line 471
[10-Dec-2025 05:26:12 UTC] PHP Warning:  Undefined array key 1 in C:\Users\gokul\Local Sites\ecommerce-two\app\public\wp-content\plugins\astra-sites\inc\lib\zipwp-images\classes\zipwp-images-api.php on line 471
[10-Dec-2025 05:26:12 UTC] PHP Warning:  Undefined array key 1 in C:\Users\gokul\Local Sites\ecommerce-two\app\public\wp-content\plugins\astra-sites\inc\lib\zipwp-images\classes\zipwp-images-api.php on line 471
[10-Dec-2025 05:26:12 UTC] PHP Warning:  Undefined array key 1 in C:\Users\gokul\Local Sites\ecommerce-two\app\public\wp-content\plugins\astra-sites\inc\lib\zipwp-images\classes\zipwp-images-api.php on line 471
[10-Dec-2025 05:26:12 UTC] PHP Warning:  Undefined array key 1 in C:\Users\gokul\Local Sites\ecommerce-two\app\public\wp-content\plugins\astra-sites\inc\lib\zipwp-images\classes\zipwp-images-api.php on line 471
[10-Dec-2025 05:26:12 UTC] PHP Warning:  Undefined array key 1 in C:\Users\gokul\Local Sites\ecommerce-two\app\public\wp-content\plugins\astra-sites\inc\lib\zipwp-images\classes\zipwp-images-api.php on line 471
[10-Dec-2025 05:26:12 UTC] PHP Warning:  Undefined array key 1 in C:\Users\gokul\Local Sites\ecommerce-two\app\public\wp-content\plugins\astra-sites\inc\lib\zipwp-images\classes\zipwp-images-api.php on line 471
[10-Dec-2025 05:26:12 UTC] PHP Warning:  Undefined array key 1 in C:\Users\gokul\Local Sites\ecommerce-two\app\public\wp-content\plugins\astra-sites\inc\lib\zipwp-images\classes\zipwp-images-api.php on line 471
[10-Dec-2025 05:26:12 UTC] PHP Warning:  Undefined array key 1 in C:\Users\gokul\Local Sites\ecommerce-two\app\public\wp-content\plugins\astra-sites\inc\lib\zipwp-images\classes\zipwp-images-api.php on line 471
[10-Dec-2025 05:26:12 UTC] PHP Warning:  Undefined array key 1 in C:\Users\gokul\Local Sites\ecommerce-two\app\public\wp-content\plugins\astra-sites\inc\lib\zipwp-images\classes\zipwp-images-api.php on line 471
[10-Dec-2025 05:26:12 UTC] PHP Warning:  Undefined array key 1 in C:\Users\gokul\Local Sites\ecommerce-two\app\public\wp-content\plugins\astra-sites\inc\lib\zipwp-images\classes\zipwp-images-api.php on line 471
[10-Dec-2025 05:26:12 UTC] PHP Warning:  Undefined array key 1 in C:\Users\gokul\Local Sites\ecommerce-two\app\public\wp-content\plugins\astra-sites\inc\lib\zipwp-images\classes\zipwp-images-api.php on line 471
[10-Dec-2025 05:26:12 UTC] PHP Warning:  Undefined array key 1 in C:\Users\gokul\Local Sites\ecommerce-two\app\public\wp-content\plugins\astra-sites\inc\lib\zipwp-images\classes\zipwp-images-api.php on line 471
[10-Dec-2025 05:26:12 UTC] PHP Warning:  Undefined array key 1 in C:\Users\gokul\Local Sites\ecommerce-two\app\public\wp-content\plugins\astra-sites\inc\lib\zipwp-images\classes\zipwp-images-api.php on line 471
[10-Dec-2025 05:28:02 UTC] PHP Warning:  Undefined array key 1 in C:\Users\gokul\Local Sites\ecommerce-two\app\public\wp-content\plugins\astra-sites\inc\lib\zipwp-images\classes\zipwp-images-api.php on line 471
[10-Dec-2025 05:28:02 UTC] PHP Warning:  Undefined array key 1 in C:\Users\gokul\Local Sites\ecommerce-two\app\public\wp-content\plugins\astra-sites\inc\lib\zipwp-images\classes\zipwp-images-api.php on line 471
[10-Dec-2025 05:28:02 UTC] PHP Warning:  Undefined array key 1 in C:\Users\gokul\Local Sites\ecommerce-two\app\public\wp-content\plugins\astra-sites\inc\lib\zipwp-images\classes\zipwp-images-api.php on line 471
[10-Dec-2025 05:28:02 UTC] PHP Warning:  Undefined array key 1 in C:\Users\gokul\Local Sites\ecommerce-two\app\public\wp-content\plugins\astra-sites\inc\lib\zipwp-images\classes\zipwp-images-api.php on line 471
[10-Dec-2025 05:28:02 UTC] PHP Warning:  Undefined array key 1 in C:\Users\gokul\Local Sites\ecommerce-two\app\public\wp-content\plugins\astra-sites\inc\lib\zipwp-images\classes\zipwp-images-api.php on line 471
[10-Dec-2025 05:28:02 UTC] PHP Warning:  Undefined array key 1 in C:\Users\gokul\Local Sites\ecommerce-two\app\public\wp-content\plugins\astra-sites\inc\lib\zipwp-images\classes\zipwp-images-api.php on line 471
[10-Dec-2025 05:28:02 UTC] PHP Warning:  Undefined array key 1 in C:\Users\gokul\Local Sites\ecommerce-two\app\public\wp-content\plugins\astra-sites\inc\lib\zipwp-images\classes\zipwp-images-api.php on line 471
[10-Dec-2025 05:28:02 UTC] PHP Warning:  Undefined array key 1 in C:\Users\gokul\Local Sites\ecommerce-two\app\public\wp-content\plugins\astra-sites\inc\lib\zipwp-images\classes\zipwp-images-api.php on line 471
[10-Dec-2025 05:28:02 UTC] PHP Warning:  Undefined array key 1 in C:\Users\gokul\Local Sites\ecommerce-two\app\public\wp-content\plugins\astra-sites\inc\lib\zipwp-images\classes\zipwp-images-api.php on line 471
[10-Dec-2025 05:28:02 UTC] PHP Warning:  Undefined array key 1 in C:\Users\gokul\Local Sites\ecommerce-two\app\public\wp-content\plugins\astra-sites\inc\lib\zipwp-images\classes\zipwp-images-api.php on line 471
[10-Dec-2025 05:28:02 UTC] PHP Warning:  Undefined array key 1 in C:\Users\gokul\Local Sites\ecommerce-two\app\public\wp-content\plugins\astra-sites\inc\lib\zipwp-images\classes\zipwp-images-api.php on line 471
[10-Dec-2025 05:28:02 UTC] PHP Warning:  Undefined array key 1 in C:\Users\gokul\Local Sites\ecommerce-two\app\public\wp-content\plugins\astra-sites\inc\lib\zipwp-images\classes\zipwp-images-api.php on line 471
[10-Dec-2025 05:28:02 UTC] PHP Warning:  Undefined array key 1 in C:\Users\gokul\Local Sites\ecommerce-two\app\public\wp-content\plugins\astra-sites\inc\lib\zipwp-images\classes\zipwp-images-api.php on line 471
[10-Dec-2025 05:28:02 UTC] PHP Warning:  Undefined array key 1 in C:\Users\gokul\Local Sites\ecommerce-two\app\public\wp-content\plugins\astra-sites\inc\lib\zipwp-images\classes\zipwp-images-api.php on line 471
[10-Dec-2025 05:28:02 UTC] PHP Warning:  Undefined array key 1 in C:\Users\gokul\Local Sites\ecommerce-two\app\public\wp-content\plugins\astra-sites\inc\lib\zipwp-images\classes\zipwp-images-api.php on line 471
[10-Dec-2025 05:28:02 UTC] PHP Warning:  Undefined array key 1 in C:\Users\gokul\Local Sites\ecommerce-two\app\public\wp-content\plugins\astra-sites\inc\lib\zipwp-images\classes\zipwp-images-api.php on line 471
[10-Dec-2025 05:28:02 UTC] PHP Warning:  Undefined array key 1 in C:\Users\gokul\Local Sites\ecommerce-two\app\public\wp-content\plugins\astra-sites\inc\lib\zipwp-images\classes\zipwp-images-api.php on line 471
[10-Dec-2025 05:28:02 UTC] PHP Warning:  Undefined array key 1 in C:\Users\gokul\Local Sites\ecommerce-two\app\public\wp-content\plugins\astra-sites\inc\lib\zipwp-images\classes\zipwp-images-api.php on line 471
[10-Dec-2025 05:28:02 UTC] PHP Warning:  Undefined array key 1 in C:\Users\gokul\Local Sites\ecommerce-two\app\public\wp-content\plugins\astra-sites\inc\lib\zipwp-images\classes\zipwp-images-api.php on line 471
[10-Dec-2025 05:28:02 UTC] PHP Warning:  Undefined array key 1 in C:\Users\gokul\Local Sites\ecommerce-two\app\public\wp-content\plugins\astra-sites\inc\lib\zipwp-images\classes\zipwp-images-api.php on line 471
[10-Dec-2025 05:57:21 UTC] PHP Fatal error:  Uncaught Error: Class "WPForms\Tasks\Actions\EntryEmailsTask" not found in C:\Users\gokul\Local Sites\ecommerce-two\app\public\wp-content\plugins\wpforms-lite\src\Tasks\Tasks.php:103
Stack trace:
#0 C:\Users\gokul\Local Sites\ecommerce-two\app\public\wp-content\plugins\wpforms-lite\src\Tasks\Tasks.php(78): WPForms\Tasks\Tasks->hooks()
#1 C:\Users\gokul\Local Sites\ecommerce-two\app\public\wp-content\plugins\wpforms-lite\src\WPForms.php(429): WPForms\Tasks\Tasks->init()
#2 C:\Users\gokul\Local Sites\ecommerce-two\app\public\wp-includes\class-wp-hook.php(341): WPForms\WPForms->WPForms\{closure}('')
#3 C:\Users\gokul\Local Sites\ecommerce-two\app\public\wp-includes\class-wp-hook.php(365): WP_Hook->apply_filters(NULL, Array)
#4 C:\Users\gokul\Local Sites\ecommerce-two\app\public\wp-includes\plugin.php(522): WP_Hook->do_action(Array)
#5 C:\Users\gokul\Local Sites\ecommerce-two\app\public\wp-settings.php(742): do_action('init')
#6 C:\Users\gokul\Local Sites\ecommerce-two\app\public\wp-config.php(103): require_once('C:\\Users\\gokul\\...')
#7 C:\Users\gokul\Local Sites\ecommerce-two\app\public\wp-load.php(50): require_once('C:\\Users\\gokul\\...')
#8 C:\Users\gokul\Local Sites\ecommerce-two\app\public\wp-admin\admin.php(35): require_once('C:\\Users\\gokul\\...')
#9 C:\Users\gokul\Local Sites\ecommerce-two\app\public\wp-admin\index.php(10): require_once('C:\\Users\\gokul\\...')
#10 {main}
  thrown in C:\Users\gokul\Local Sites\ecommerce-two\app\public\wp-content\plugins\wpforms-lite\src\Tasks\Tasks.php on line 103
[10-Dec-2025 05:58:21 UTC] PHP Warning:  require_once(C:\Users\gokul\Local Sites\ecommerce-two\app\public\wp-content\plugins\woocommerce-payments/includes/class-wc-payments-features.php): Failed to open stream: No such file or directory in C:\Users\gokul\Local Sites\ecommerce-two\app\public\wp-content\plugins\woocommerce-payments\woocommerce-payments.php on line 28
[10-Dec-2025 05:58:21 UTC] PHP Fatal error:  Uncaught Error: Failed opening required 'C:\Users\gokul\Local Sites\ecommerce-two\app\public\wp-content\plugins\woocommerce-payments/includes/class-wc-payments-features.php' (include_path='.:/usr/share/php:/www/wp-content/pear') in C:\Users\gokul\Local Sites\ecommerce-two\app\public\wp-content\plugins\woocommerce-payments\woocommerce-payments.php:28
Stack trace:
#0 C:\Users\gokul\Local Sites\ecommerce-two\app\public\wp-settings.php(560): include_once()
#1 C:\Users\gokul\Local Sites\ecommerce-two\app\public\wp-config.php(103): require_once('C:\\Users\\gokul\\...')
#2 C:\Users\gokul\Local Sites\ecommerce-two\app\public\wp-load.php(50): require_once('C:\\Users\\gokul\\...')
#3 C:\Users\gokul\Local Sites\ecommerce-two\app\public\wp-admin\admin-ajax.php(22): require_once('C:\\Users\\gokul\\...')
#4 {main}
  thrown in C:\Users\gokul\Local Sites\ecommerce-two\app\public\wp-content\plugins\woocommerce-payments\woocommerce-payments.php on line 28
[10-Dec-2025 06:20:49 UTC] PHP Warning:  Undefined global variable $post in C:\Users\gokul\Local Sites\ecommerce-two\app\public\wp-content\plugins\woocommerce\includes\shortcodes\class-wc-shortcode-products.php on line 642
[10-Dec-2025 06:21:36 UTC] PHP Warning:  Undefined global variable $post in C:\Users\gokul\Local Sites\ecommerce-two\app\public\wp-content\plugins\woocommerce\includes\shortcodes\class-wc-shortcode-products.php on line 642
[10-Dec-2025 07:52:31 UTC] PHP Warning:  Undefined global variable $post in C:\Users\gokul\Local Sites\ecommerce-two\app\public\wp-content\plugins\woocommerce\includes\shortcodes\class-wc-shortcode-products.php on line 642
[10-Dec-2025 07:52:38 UTC] PHP Warning:  Undefined global variable $post in C:\Users\gokul\Local Sites\ecommerce-two\app\public\wp-content\plugins\woocommerce\includes\shortcodes\class-wc-shortcode-products.php on line 642
[10-Dec-2025 07:56:54 UTC] PHP Warning:  Undefined global variable $post in C:\Users\gokul\Local Sites\ecommerce-two\app\public\wp-content\plugins\woocommerce\includes\shortcodes\class-wc-shortcode-products.php on line 642
[10-Dec-2025 07:57:55 UTC] PHP Warning:  Undefined array key 1 in C:\Users\gokul\Local Sites\ecommerce-two\app\public\wp-content\plugins\astra-sites\inc\lib\zipwp-images\classes\zipwp-images-api.php on line 471
[10-Dec-2025 07:57:55 UTC] PHP Warning:  Undefined array key 1 in C:\Users\gokul\Local Sites\ecommerce-two\app\public\wp-content\plugins\astra-sites\inc\lib\zipwp-images\classes\zipwp-images-api.php on line 471
[10-Dec-2025 07:57:55 UTC] PHP Warning:  Undefined array key 1 in C:\Users\gokul\Local Sites\ecommerce-two\app\public\wp-content\plugins\astra-sites\inc\lib\zipwp-images\classes\zipwp-images-api.php on line 471
[10-Dec-2025 07:57:55 UTC] PHP Warning:  Undefined array key 1 in C:\Users\gokul\Local Sites\ecommerce-two\app\public\wp-content\plugins\astra-sites\inc\lib\zipwp-images\classes\zipwp-images-api.php on line 471
[10-Dec-2025 07:57:55 UTC] PHP Warning:  Undefined array key 1 in C:\Users\gokul\Local Sites\ecommerce-two\app\public\wp-content\plugins\astra-sites\inc\lib\zipwp-images\classes\zipwp-images-api.php on line 471
[10-Dec-2025 07:57:55 UTC] PHP Warning:  Undefined array key 1 in C:\Users\gokul\Local Sites\ecommerce-two\app\public\wp-content\plugins\astra-sites\inc\lib\zipwp-images\classes\zipwp-images-api.php on line 471
[10-Dec-2025 07:57:55 UTC] PHP Warning:  Undefined array key 1 in C:\Users\gokul\Local Sites\ecommerce-two\app\public\wp-content\plugins\astra-sites\inc\lib\zipwp-images\classes\zipwp-images-api.php on line 471
[10-Dec-2025 07:57:55 UTC] PHP Warning:  Undefined array key 1 in C:\Users\gokul\Local Sites\ecommerce-two\app\public\wp-content\plugins\astra-sites\inc\lib\zipwp-images\classes\zipwp-images-api.php on line 471
[10-Dec-2025 07:57:55 UTC] PHP Warning:  Undefined array key 1 in C:\Users\gokul\Local Sites\ecommerce-two\app\public\wp-content\plugins\astra-sites\inc\lib\zipwp-images\classes\zipwp-images-api.php on line 471
[10-Dec-2025 07:57:55 UTC] PHP Warning:  Undefined array key 1 in C:\Users\gokul\Local Sites\ecommerce-two\app\public\wp-content\plugins\astra-sites\inc\lib\zipwp-images\classes\zipwp-images-api.php on line 471
[10-Dec-2025 07:57:55 UTC] PHP Warning:  Undefined array key 1 in C:\Users\gokul\Local Sites\ecommerce-two\app\public\wp-content\plugins\astra-sites\inc\lib\zipwp-images\classes\zipwp-images-api.php on line 471
[10-Dec-2025 07:57:55 UTC] PHP Warning:  Undefined array key 1 in C:\Users\gokul\Local Sites\ecommerce-two\app\public\wp-content\plugins\astra-sites\inc\lib\zipwp-images\classes\zipwp-images-api.php on line 471
[10-Dec-2025 07:57:55 UTC] PHP Warning:  Undefined array key 1 in C:\Users\gokul\Local Sites\ecommerce-two\app\public\wp-content\plugins\astra-sites\inc\lib\zipwp-images\classes\zipwp-images-api.php on line 471
[10-Dec-2025 07:57:55 UTC] PHP Warning:  Undefined array key 1 in C:\Users\gokul\Local Sites\ecommerce-two\app\public\wp-content\plugins\astra-sites\inc\lib\zipwp-images\classes\zipwp-images-api.php on line 471
[10-Dec-2025 07:57:55 UTC] PHP Warning:  Undefined array key 1 in C:\Users\gokul\Local Sites\ecommerce-two\app\public\wp-content\plugins\astra-sites\inc\lib\zipwp-images\classes\zipwp-images-api.php on line 471
[10-Dec-2025 07:57:55 UTC] PHP Warning:  Undefined array key 1 in C:\Users\gokul\Local Sites\ecommerce-two\app\public\wp-content\plugins\astra-sites\inc\lib\zipwp-images\classes\zipwp-images-api.php on line 471
[10-Dec-2025 07:57:55 UTC] PHP Warning:  Undefined array key 1 in C:\Users\gokul\Local Sites\ecommerce-two\app\public\wp-content\plugins\astra-sites\inc\lib\zipwp-images\classes\zipwp-images-api.php on line 471
[10-Dec-2025 07:57:55 UTC] PHP Warning:  Undefined array key 1 in C:\Users\gokul\Local Sites\ecommerce-two\app\public\wp-content\plugins\astra-sites\inc\lib\zipwp-images\classes\zipwp-images-api.php on line 471
[10-Dec-2025 07:57:55 UTC] PHP Warning:  Undefined array key 1 in C:\Users\gokul\Local Sites\ecommerce-two\app\public\wp-content\plugins\astra-sites\inc\lib\zipwp-images\classes\zipwp-images-api.php on line 471
[10-Dec-2025 07:57:55 UTC] PHP Warning:  Undefined array key 1 in C:\Users\gokul\Local Sites\ecommerce-two\app\public\wp-content\plugins\astra-sites\inc\lib\zipwp-images\classes\zipwp-images-api.php on line 471
[10-Dec-2025 08:04:03 UTC] PHP Warning:  Undefined global variable $post in C:\Users\gokul\Local Sites\ecommerce-two\app\public\wp-content\plugins\woocommerce\includes\shortcodes\class-wc-shortcode-products.php on line 642
[10-Dec-2025 08:04:15 UTC] PHP Warning:  Undefined global variable $post in C:\Users\gokul\Local Sites\ecommerce-two\app\public\wp-content\plugins\woocommerce\includes\shortcodes\class-wc-shortcode-products.php on line 642
[10-Dec-2025 08:05:12 UTC] PHP Warning:  Undefined global variable $post in C:\Users\gokul\Local Sites\ecommerce-two\app\public\wp-content\plugins\woocommerce\includes\shortcodes\class-wc-shortcode-products.php on line 642
[10-Dec-2025 08:05:20 UTC] PHP Warning:  Undefined global variable $post in C:\Users\gokul\Local Sites\ecommerce-two\app\public\wp-content\plugins\woocommerce\includes\shortcodes\class-wc-shortcode-products.php on line 642
[10-Dec-2025 08:07:26 UTC] PHP Warning:  Undefined global variable $post in C:\Users\gokul\Local Sites\ecommerce-two\app\public\wp-content\plugins\woocommerce\includes\shortcodes\class-wc-shortcode-products.php on line 642
[10-Dec-2025 08:07:37 UTC] PHP Warning:  Undefined global variable $post in C:\Users\gokul\Local Sites\ecommerce-two\app\public\wp-content\plugins\woocommerce\includes\shortcodes\class-wc-shortcode-products.php on line 642
